Java HotSpot(TM) 64-Bit Server VM (25.202-b08) for linux-amd64 JRE (1.8.0_202-b08), built on Dec 15 2018 12:40:22 by "java_re" with gcc 7.3.0
Memory: 4k page, physical 24602556k(11823760k free), swap 0k(0k free)
CommandLine flags: -XX:+HeapDumpOnOutOfMemoryError -XX:HeapDumpPath=wash_dump.hprof -XX:InitialHeapSize=268435456 -XX:MaxHeapSize=10737418240 -XX:+PrintGC -XX:+PrintGCDateStamps -XX:+PrintGCDetails -XX:+PrintGCTimeStamps -XX:+UseCompressedClassPointers -XX:+UseCompressedOops -XX:+UseParallelGC 
2025-02-26T14:21:37.008+0800: 0.865: [GC (Allocation Failure) [PSYoungGen: 65536K->7826K(76288K)] 65536K->7842K(251392K), 0.0077029 secs] [Times: user=0.03 sys=0.00, real=0.01 secs] 
2025-02-26T14:21:37.434+0800: 1.291: [GC (Allocation Failure) [PSYoungGen: 73362K->10336K(76288K)] 73378K->10432K(251392K), 0.0116005 secs] [Times: user=0.09 sys=0.02, real=0.01 secs] 
2025-02-26T14:21:37.464+0800: 1.321: [GC (Metadata GC Threshold) [PSYoungGen: 14909K->6309K(76288K)] 15005K->6413K(251392K), 0.0064044 secs] [Times: user=0.08 sys=0.00, real=0.01 secs] 
2025-02-26T14:21:37.470+0800: 1.327: [Full GC (Metadata GC Threshold) [PSYoungGen: 6309K->0K(76288K)] [ParOldGen: 104K->6035K(175104K)] 6413K->6035K(251392K), [Metaspace: 20280K->20280K(1067008K)], 0.0317852 secs] [Times: user=0.30 sys=0.01, real=0.03 secs] 
2025-02-26T14:21:37.723+0800: 1.580: [GC (Allocation Failure) [PSYoungGen: 65536K->8127K(123904K)] 71571K->14171K(299008K), 0.0092852 secs] [Times: user=0.06 sys=0.01, real=0.01 secs] 
2025-02-26T14:21:38.802+0800: 2.659: [GC (Allocation Failure) [PSYoungGen: 123839K->10734K(139264K)] 129883K->18673K(314368K), 0.0140368 secs] [Times: user=0.06 sys=0.01, real=0.01 secs] 
2025-02-26T14:21:38.843+0800: 2.700: [GC (Metadata GC Threshold) [PSYoungGen: 15828K->6336K(212480K)] 23766K->14282K(387584K), 0.0086285 secs] [Times: user=0.09 sys=0.01, real=0.01 secs] 
2025-02-26T14:21:38.852+0800: 2.709: [Full GC (Metadata GC Threshold) [PSYoungGen: 6336K->0K(212480K)] [ParOldGen: 7946K->10980K(175104K)] 14282K->10980K(387584K), [Metaspace: 33950K->33950K(1079296K)], 0.0373628 secs] [Times: user=0.23 sys=0.01, real=0.04 secs] 
2025-02-26T14:21:40.599+0800: 4.455: [GC (Allocation Failure) [PSYoungGen: 199168K->13286K(212480K)] 210148K->28343K(387584K), 0.0170380 secs] [Times: user=0.14 sys=0.01, real=0.01 secs] 
2025-02-26T14:21:41.506+0800: 5.363: [GC (Allocation Failure) [PSYoungGen: 212454K->16877K(343040K)] 227511K->83037K(518144K), 0.0343616 secs] [Times: user=0.40 sys=0.04, real=0.04 secs] 
2025-02-26T14:21:41.695+0800: 5.552: [GC (Metadata GC Threshold) [PSYoungGen: 117900K->38122K(367616K)] 184060K->104290K(542720K), 0.0155656 secs] [Times: user=0.17 sys=0.03, real=0.02 secs] 
2025-02-26T14:21:41.711+0800: 5.568: [Full GC (Metadata GC Threshold) [PSYoungGen: 38122K->0K(367616K)] [ParOldGen: 66168K->66734K(207872K)] 104290K->66734K(575488K), [Metaspace: 56026K->55808K(1101824K)], 0.2403958 secs] [Times: user=2.65 sys=0.06, real=0.24 secs] 
2025-02-26T14:21:44.374+0800: 8.230: [GC (Allocation Failure) [PSYoungGen: 326144K->13524K(452096K)] 392878K->80275K(659968K), 0.0138807 secs] [Times: user=0.15 sys=0.01, real=0.01 secs] 
2025-02-26T14:21:45.861+0800: 9.717: [GC (Allocation Failure) [PSYoungGen: 451796K->1264K(488448K)] 518547K->79774K(696320K), 0.0169428 secs] [Times: user=0.23 sys=0.02, real=0.01 secs] 
2025-02-26T14:21:47.175+0800: 11.031: [GC (Allocation Failure) [PSYoungGen: 444144K->1073K(595968K)] 522654K->80361K(803840K), 0.0041522 secs] [Times: user=0.03 sys=0.00, real=0.01 secs] 
2025-02-26T14:21:48.742+0800: 12.599: [GC (Allocation Failure) [PSYoungGen: 563249K->1762K(607744K)] 642537K->81050K(815616K), 0.0041556 secs] [Times: user=0.03 sys=0.00, real=0.00 secs] 
2025-02-26T14:21:50.086+0800: 13.943: [GC (Allocation Failure) [PSYoungGen: 563938K->2338K(695808K)] 643226K->81634K(903680K), 0.0036650 secs] [Times: user=0.03 sys=0.00, real=0.01 secs] 
2025-02-26T14:21:52.045+0800: 15.902: [GC (Allocation Failure) [PSYoungGen: 674594K->2917K(716288K)] 753890K->82221K(924160K), 0.0045247 secs] [Times: user=0.03 sys=0.00, real=0.01 secs] 
2025-02-26T14:21:53.984+0800: 17.841: [GC (Allocation Failure) [PSYoungGen: 675173K->3524K(784896K)] 754477K->82828K(992768K), 0.0047077 secs] [Times: user=0.03 sys=0.01, real=0.01 secs] 
2025-02-26T14:21:55.875+0800: 19.732: [GC (Allocation Failure) [PSYoungGen: 767428K->3988K(804864K)] 846732K->83293K(1012736K), 0.0052273 secs] [Times: user=0.03 sys=0.01, real=0.01 secs] 
2025-02-26T14:21:57.696+0800: 21.552: [GC (Allocation Failure) [PSYoungGen: 767892K->4292K(840704K)] 847197K->83604K(1048576K), 0.0050463 secs] [Times: user=0.04 sys=0.00, real=0.01 secs] 
2025-02-26T14:22:00.410+0800: 24.267: [GC (Allocation Failure) [PSYoungGen: 817860K->4550K(850944K)] 897172K->83870K(1058816K), 0.0047483 secs] [Times: user=0.03 sys=0.00, real=0.00 secs] 
2025-02-26T14:22:03.046+0800: 26.902: [GC (Allocation Failure) [PSYoungGen: 818118K->5421K(877056K)] 897438K->84741K(1084928K), 0.0065651 secs] [Times: user=0.04 sys=0.00, real=0.01 secs] 
